Copyright 1986-2016 Xilinx, Inc. All Rights Reserved.
--------------------------------------------------------------------------------------------------
| Tool Version      : Vivado v.2016.2 (win64) Build 1577090 Thu Jun  2 16:32:40 MDT 2016
| Date              : Sun Nov 10 20:44:12 2019
| Host              : DESKTOP-8HV8NOO running 64-bit major release  (build 9200)
| Command           : report_clock_utilization -file sccomp_dataflow_clock_utilization_routed.rpt
| Design            : sccomp_dataflow
| Device            : 7a100t-csg324
| Speed File        : -1  PRODUCTION 1.14 2014-09-11
| Temperature Grade : C
--------------------------------------------------------------------------------------------------

Clock Utilization Report

Table of Contents
-----------------
1. Clock Primitive Utilization
2. Global Clock Resources
3. Global Clock Source Details
4. Local Clock Details
5. Clock Regions: Key Resource Utilization
6. Clock Regions : Global Clock Summary
7. Cell Type Counts per Global Clock: Region X0Y0
8. Cell Type Counts per Global Clock: Region X1Y0
9. Cell Type Counts per Global Clock: Region X0Y1
10. Cell Type Counts per Global Clock: Region X1Y1
11. Cell Type Counts per Global Clock: Region X0Y2
12. Cell Type Counts per Global Clock: Region X1Y2
13. Cell Type Counts per Global Clock: Region X0Y3
14. Cell Type Counts per Global Clock: Region X1Y3
15. Load Cell Placement Summary for Global Clock g0
16. Load Cell Placement Summary for Global Clock g1
17. Load Cell Placement Summary for Global Clock g2
18. Load Cell Placement Summary for Global Clock g3
19. Load Cell Placement Summary for Global Clock g4
20. Load Cell Placement Summary for Global Clock g5
21. Load Cell Placement Summary for Global Clock g6

1. Clock Primitive Utilization
------------------------------

+----------+------+-----------+-----+--------------+--------+
| Type     | Used | Available | LOC | Clock Region | Pblock |
+----------+------+-----------+-----+--------------+--------+
| BUFGCTRL |    7 |        32 |   0 |            0 |      0 |
| BUFH     |    0 |        96 |   0 |            0 |      0 |
| BUFIO    |    0 |        24 |   0 |            0 |      0 |
| BUFMR    |    0 |        12 |   0 |            0 |      0 |
| BUFR     |    0 |        24 |   0 |            0 |      0 |
| MMCM     |    1 |         6 |   0 |            0 |      0 |
| PLL      |    0 |         6 |   0 |            0 |      0 |
+----------+------+-----------+-----+--------------+--------+


2. Global Clock Resources
-------------------------

+-------+-------+-----------------+------------+----------------+--------------+------+-------------------+---------------+-------------+-----------------+--------------+--------------------+--------------------------------+-----------------------------------------+
| GlbID | SrcId | Driver Type/Pin | Constraint | Site           | Clock Region | Root | Clock Delay Group | Clock Regions | Clock Loads | Non-Clock Loads | Clock Period | Clock              | Driver Pin                     | Net                                     |
+-------+-------+-----------------+------------+----------------+--------------+------+-------------------+---------------+-------------+-----------------+--------------+--------------------+--------------------------------+-----------------------------------------+
| g0    | src0  | BUFG/O          | None       | BUFGCTRL_X0Y0  | n/a          |      |                   |             8 |       10336 |               0 |      100.000 | clk_out1_clk_wiz_0 | clk_wiz_0_1/inst/clkout1_buf/O | clk_wiz_0_1/inst/clk_out1               |
| g1    | src1  | BUFG/O          | None       | BUFGCTRL_X0Y1  | n/a          |      |                   |             6 |         131 |               0 |              |                    | n_0_3012_BUFG_inst/O           | n_0_3012_BUFG                           |
| g2    | src2  | BUFG/O          | None       | BUFGCTRL_X0Y2  | n/a          |      |                   |             2 |          64 |               0 |              |                    | n_1_3011_BUFG_inst/O           | n_1_3011_BUFG                           |
| g3    | src3  | BUFG/O          | None       | BUFGCTRL_X0Y16 | n/a          |      |                   |             1 |          55 |               0 |              |                    | clk_in_IBUF_BUFG_inst/O        | clk_in_IBUF_BUFG                        |
| g4    | src4  | BUFG/O          | None       | BUFGCTRL_X0Y3  | n/a          |      |                   |             3 |          53 |               0 |              |                    | n_2_54324_BUFG_inst/O          | n_2_54324_BUFG                          |
| g5    | src5  | BUFG/O          | None       | BUFGCTRL_X0Y4  | n/a          |      |                   |             1 |          32 |               0 |              |                    | n_3_54133_BUFG_inst/O          | n_3_54133_BUFG                          |
| g6    | src0  | BUFG/O          | None       | BUFGCTRL_X0Y5  | n/a          |      |                   |             1 |           1 |               0 |       20.000 | clkfbout_clk_wiz_0 | clk_wiz_0_1/inst/clkf_buf/O    | clk_wiz_0_1/inst/clkfbout_buf_clk_wiz_0 |
+-------+-------+-----------------+------------+----------------+--------------+------+-------------------+---------------+-------------+-----------------+--------------+--------------------+--------------------------------+-----------------------------------------+
* Note: Multiple constraint types applied to the driver. Please check for potential conflicts.


3. Global Clock Source Details
------------------------------

+-------+--------+---------------------+------------+-----------------+--------------+-------------+-----------------+---------------------+--------------------+-----------------------------------------+-------------------------------------+
| SrcID | GlbIDs | Driver Type/Pin     | Constraint | Site            | Clock Region | Clock Loads | Non-Clock Loads | Source Clock Period | Source Clock       | Driver Pin                              | Net                                 |
+-------+--------+---------------------+------------+-----------------+--------------+-------------+-----------------+---------------------+--------------------+-----------------------------------------+-------------------------------------+
| src0  | g0     | MMCME2_ADV/CLKOUT0  | None       | MMCME2_ADV_X0Y0 | X0Y0         |           0 |               1 |             100.000 | clk_out1_clk_wiz_0 | clk_wiz_0_1/inst/mmcm_adv_inst/CLKOUT0  | clk_wiz_0_1/inst/clk_out1_clk_wiz_0 |
| src0  | g6     | MMCME2_ADV/CLKFBOUT | None       | MMCME2_ADV_X0Y0 | X0Y0         |           0 |               1 |              20.000 | clkfbout_clk_wiz_0 | clk_wiz_0_1/inst/mmcm_adv_inst/CLKFBOUT | clk_wiz_0_1/inst/clkfbout_clk_wiz_0 |
| src1  | g1     | LUT5/O              | None       | SLICE_X51Y95    | X0Y1         |           0 |               1 |                     |                    | sccpu/cu/n_0_3012_BUFG_inst_i_1/O       | sccpu/cu/n_0_3012_BUFG_inst_n_1     |
| src2  | g2     | LUT5/O              | None       | SLICE_X51Y95    | X0Y1         |           0 |               1 |                     |                    | sccpu/cu/n_1_3011_BUFG_inst_i_1/O       | sccpu/cu/n_1_3011_BUFG_inst_n_2     |
| src3  | g3     | IBUF/O              | IOB_X1Y126 | IOB_X1Y126      | X1Y2         |           0 |               1 |                     |                    | clk_in_IBUF_inst/O                      | clk_in_IBUF                         |
| src4  | g4     | LUT5/O              | None       | SLICE_X51Y95    | X0Y1         |           0 |               1 |                     |                    | n_2_54324_BUFG_inst_i_1/O               | n_2_54324_BUFG_inst_n_3             |
| src5  | g5     | LUT3/O              | None       | SLICE_X51Y95    | X0Y1         |           0 |               1 |                     |                    | sccpu/cu/n_3_54133_BUFG_inst_i_1/O      | sccpu/cu/n_3_54133_BUFG_inst_n_4    |
+-------+--------+---------------------+------------+-----------------+--------------+-------------+-----------------+---------------------+--------------------+-----------------------------------------+-------------------------------------+
* Note: Multiple constraint types applied to the driver. Please check for potential conflicts.


4. Local Clock Details
----------------------

+-------+-----------------+------------+-----------------+--------------+-------------+-----------------+--------------+-------+------------------------+-------------------+
| LocId | Driver Type/Pin | Constraint | Site/BEL        | Clock Region | Clock Loads | Non-Clock Loads | Clock Period | Clock | Driver Pin             | Net               |
+-------+-----------------+------------+-----------------+--------------+-------------+-----------------+--------------+-------+------------------------+-------------------+
| 0     | FDCE/Q          | None       | SLICE_X4Y46/CFF | X0Y0         |           3 |               1 |              |       | display7/cnt_reg[14]/Q | display7/seg7_clk |
+-------+-----------------+------------+-----------------+--------------+-------------+-----------------+--------------+-------+------------------------+-------------------+
* Note: Multiple constraint types applied to the driver. Please check for potential conflicts.


5. Clock Regions: Key Resource Utilization
------------------------------------------

+-------------------+--------------+--------------+--------------+--------------+--------------+--------------+--------------+--------------+--------------+--------------+--------------+--------------+--------------+--------------+--------------+
|                   | Global Clock |     BUFRs    |    BUFMRs    |    BUFIOs    |     MMCM     |      PLL     |      GT      |      PCI     |    ILOGIC    |    OLOGIC    |      FF      |     LUTM     |    RAMB18    |    RAMB36    |    DSP48E2   |
+-------------------+------+-------+------+-------+------+-------+------+-------+------+-------+------+-------+------+-------+------+-------+------+-------+------+-------+------+-------+------+-------+------+-------+------+-------+------+-------+
| Clock Region Name | Used | Avail | Used | Avail | Used | Avail | Used | Avail | Used | Avail | Used | Avail | Used | Avail | Used | Avail | Used | Avail | Used | Avail | Used | Avail | Used | Avail | Used | Avail | Used | Avail | Used | Avail |
+-------------------+------+-------+------+-------+------+-------+------+-------+------+-------+------+-------+------+-------+------+-------+------+-------+------+-------+------+-------+------+-------+------+-------+------+-------+------+-------+
| X0Y0              |    7 |    12 |    0 |     4 |    0 |     2 |    0 |     4 |    1 |     1 |    0 |     1 |    0 |     0 |    0 |     0 |    0 |    50 |    0 |    50 | 1913 | 20800 |    8 |  2400 |    0 |     0 |    0 |    10 |    0 |    20 |
| X1Y0              |    3 |    12 |    0 |     0 |    0 |     0 |    0 |     0 |    0 |     0 |    0 |     0 |    0 |     5 |    0 |     0 |    0 |     0 |    0 |     0 |  119 | 12000 |    3 |  2200 |    0 |     0 |    0 |    20 |    0 |    40 |
| X0Y1              |    3 |    12 |    0 |     4 |    0 |     2 |    0 |     4 |    0 |     1 |    0 |     1 |    0 |     0 |    0 |     0 |    0 |    50 |    0 |    50 |  873 | 16000 |    1 |  2400 |    0 |     0 |    0 |    10 |    0 |    20 |
| X1Y1              |    2 |    12 |    0 |     4 |    0 |     2 |    0 |     4 |    0 |     1 |    0 |     1 |    0 |     0 |    0 |     0 |    0 |    50 |    0 |    50 |  803 | 15200 |    2 |  2600 |    0 |     0 |    0 |    30 |    0 |    40 |
| X0Y2              |    3 |    12 |    0 |     4 |    0 |     2 |    0 |     4 |    0 |     1 |    0 |     1 |    0 |     0 |    0 |     0 |    0 |    50 |    0 |    50 |  917 | 16000 |    2 |  2400 |    0 |     0 |    0 |    10 |    0 |    20 |
| X1Y2              |    2 |    12 |    0 |     4 |    0 |     2 |    0 |     4 |    0 |     1 |    0 |     1 |    0 |     0 |    0 |     0 |    0 |    50 |    0 |    50 |  940 | 15200 |    1 |  2600 |    0 |     0 |    0 |    30 |    0 |    40 |
| X0Y3              |    1 |    12 |    0 |     4 |    0 |     2 |    0 |     4 |    0 |     1 |    0 |     1 |    0 |     0 |    0 |     0 |    0 |    50 |    0 |    50 | 1470 | 20800 |    1 |  2400 |    0 |     0 |    0 |    10 |    0 |    20 |
| X1Y3              |    1 |    12 |    0 |     0 |    0 |     0 |    0 |     0 |    0 |     0 |    0 |     0 |    0 |     5 |    0 |     0 |    0 |     0 |    0 |     0 |  619 | 10800 |    1 |  2000 |    0 |     0 |    0 |    15 |    0 |    40 |
+-------------------+------+-------+------+-------+------+-------+------+-------+------+-------+------+-------+------+-------+------+-------+------+-------+------+-------+------+-------+------+-------+------+-------+------+-------+------+-------+
* Used Global Clocks includes only global clock resources based on load placement but does not consider global clock resources used to traverse a clock region. Therefore the actual total of Used Global Clocks may be higher.
** RAMB36 site can be used as two RAMB18/FIFO18 sites.


6. Clock Regions : Global Clock Summary
---------------------------------------

+----+----+----+
|    | X0 | X1 |
+----+----+----+
| Y3 |  1 |  1 |
| Y2 |  3 |  2 |
| Y1 |  3 |  2 |
| Y0 |  7 |  3 |
+----+----+----+
* Used Global Clocks includes only global clock resources based on load placement but does not consider global clock resources used to traverse a clock region. Therefore the actual total of Used Global Clocks may be higher.


7. Cell Type Counts per Global Clock: Region X0Y0
-------------------------------------------------

+-------+-------+-----------------+------------+-------------+-----------------+------+--------+------+-----+----+------+-----+---------+-----------------------------------------+
| GlbID | Track | Driver Type/Pin | Constraint | Clock Loads | Non-Clock Loads | FF   | LUTRAM | RAMB | DSP | GT | MMCM | PLL | Hard IP | Net                                     |
+-------+-------+-----------------+------------+-------------+-----------------+------+--------+------+-----+----+------+-----+---------+-----------------------------------------+
| g0    | n/a   | BUFG/O          | None       |           0 |            1772 | 1772 |      5 |    0 |   0 |  0 |    0 |   0 |       0 | clk_wiz_0_1/inst/clk_out1               |
| g1    | n/a   | BUFG/O          | None       |           0 |              10 |   10 |      1 |    0 |   0 |  0 |    0 |   0 |       0 | n_0_3012_BUFG                           |
| g2    | n/a   | BUFG/O          | None       |           0 |              13 |   13 |      1 |    0 |   0 |  0 |    0 |   0 |       0 | n_1_3011_BUFG                           |
| g3    | n/a   | BUFG/O          | None       |           1 |              54 |   54 |      0 |    0 |   0 |  0 |    1 |   0 |       0 | clk_in_IBUF_BUFG                        |
| g4    | n/a   | BUFG/O          | None       |           0 |              37 |   37 |      1 |    0 |   0 |  0 |    0 |   0 |       0 | n_2_54324_BUFG                          |
| g5    | n/a   | BUFG/O          | None       |           0 |              24 |   24 |      1 |    0 |   0 |  0 |    0 |   0 |       0 | n_3_54133_BUFG                          |
| g6    | n/a   | BUFG/O          | None       |           1 |               0 |    0 |      0 |    0 |   0 |  0 |    1 |   0 |       0 | clk_wiz_0_1/inst/clkfbout_buf_clk_wiz_0 |
+-------+-------+-----------------+------------+-------------+-----------------+------+--------+------+-----+----+------+-----+---------+-----------------------------------------+
* Note: Multiple constraint types applied to the driver. Please check for potential conflicts.


8. Cell Type Counts per Global Clock: Region X1Y0
-------------------------------------------------

+-------+-------+-----------------+------------+-------------+-----------------+----+--------+------+-----+----+------+-----+---------+---------------------------+
| GlbID | Track | Driver Type/Pin | Constraint | Clock Loads | Non-Clock Loads | FF | LUTRAM | RAMB | DSP | GT | MMCM | PLL | Hard IP | Net                       |
+-------+-------+-----------------+------------+-------------+-----------------+----+--------+------+-----+----+------+-----+---------+---------------------------+
| g0    | n/a   | BUFG/O          | None       |           0 |              71 | 71 |      2 |    0 |   0 |  0 |    0 |   0 |       0 | clk_wiz_0_1/inst/clk_out1 |
| g1    | n/a   | BUFG/O          | None       |           0 |              20 | 20 |      1 |    0 |   0 |  0 |    0 |   0 |       0 | n_0_3012_BUFG             |
| g2    | n/a   | BUFG/O          | None       |           0 |              29 | 29 |      1 |    0 |   0 |  0 |    0 |   0 |       0 | n_1_3011_BUFG             |
+-------+-------+-----------------+------------+-------------+-----------------+----+--------+------+-----+----+------+-----+---------+---------------------------+
* Note: Multiple constraint types applied to the driver. Please check for potential conflicts.


9. Cell Type Counts per Global Clock: Region X0Y1
-------------------------------------------------

+-------+-------+-----------------+------------+-------------+-----------------+-----+--------+------+-----+----+------+-----+---------+---------------------------+
| GlbID | Track | Driver Type/Pin | Constraint | Clock Loads | Non-Clock Loads | FF  | LUTRAM | RAMB | DSP | GT | MMCM | PLL | Hard IP | Net                       |
+-------+-------+-----------------+------------+-------------+-----------------+-----+--------+------+-----+----+------+-----+---------+---------------------------+
| g0    | n/a   | BUFG/O          | None       |           0 |             871 | 871 |      1 |    0 |   0 |  0 |    0 |   0 |       0 | clk_wiz_0_1/inst/clk_out1 |
| g1    | n/a   | BUFG/O          | None       |           0 |               1 |   1 |      0 |    0 |   0 |  0 |    0 |   0 |       0 | n_0_3012_BUFG             |
| g4    | n/a   | BUFG/O          | None       |           0 |               1 |   1 |      0 |    0 |   0 |  0 |    0 |   0 |       0 | n_2_54324_BUFG            |
+-------+-------+-----------------+------------+-------------+-----------------+-----+--------+------+-----+----+------+-----+---------+---------------------------+
* Note: Multiple constraint types applied to the driver. Please check for potential conflicts.


10. Cell Type Counts per Global Clock: Region X1Y1
--------------------------------------------------

+-------+-------+-----------------+------------+-------------+-----------------+-----+--------+------+-----+----+------+-----+---------+---------------------------+
| GlbID | Track | Driver Type/Pin | Constraint | Clock Loads | Non-Clock Loads | FF  | LUTRAM | RAMB | DSP | GT | MMCM | PLL | Hard IP | Net                       |
+-------+-------+-----------------+------------+-------------+-----------------+-----+--------+------+-----+----+------+-----+---------+---------------------------+
| g0    | n/a   | BUFG/O          | None       |           0 |             769 | 769 |      1 |    0 |   0 |  0 |    0 |   0 |       0 | clk_wiz_0_1/inst/clk_out1 |
| g1    | n/a   | BUFG/O          | None       |           0 |              34 |  34 |      1 |    0 |   0 |  0 |    0 |   0 |       0 | n_0_3012_BUFG             |
+-------+-------+-----------------+------------+-------------+-----------------+-----+--------+------+-----+----+------+-----+---------+---------------------------+
* Note: Multiple constraint types applied to the driver. Please check for potential conflicts.


11. Cell Type Counts per Global Clock: Region X0Y2
--------------------------------------------------

+-------+-------+-----------------+------------+-------------+-----------------+-----+--------+------+-----+----+------+-----+---------+---------------------------+
| GlbID | Track | Driver Type/Pin | Constraint | Clock Loads | Non-Clock Loads | FF  | LUTRAM | RAMB | DSP | GT | MMCM | PLL | Hard IP | Net                       |
+-------+-------+-----------------+------------+-------------+-----------------+-----+--------+------+-----+----+------+-----+---------+---------------------------+
| g0    | n/a   | BUFG/O          | None       |           0 |             899 | 899 |      1 |    0 |   0 |  0 |    0 |   0 |       0 | clk_wiz_0_1/inst/clk_out1 |
| g1    | n/a   | BUFG/O          | None       |           0 |               9 |   9 |      1 |    0 |   0 |  0 |    0 |   0 |       0 | n_0_3012_BUFG             |
| g4    | n/a   | BUFG/O          | None       |           0 |               9 |   9 |      0 |    0 |   0 |  0 |    0 |   0 |       0 | n_2_54324_BUFG            |
+-------+-------+-----------------+------------+-------------+-----------------+-----+--------+------+-----+----+------+-----+---------+---------------------------+
* Note: Multiple constraint types applied to the driver. Please check for potential conflicts.


12. Cell Type Counts per Global Clock: Region X1Y2
--------------------------------------------------

+-------+-------+-----------------+------------+-------------+-----------------+-----+--------+------+-----+----+------+-----+---------+---------------------------+
| GlbID | Track | Driver Type/Pin | Constraint | Clock Loads | Non-Clock Loads | FF  | LUTRAM | RAMB | DSP | GT | MMCM | PLL | Hard IP | Net                       |
+-------+-------+-----------------+------------+-------------+-----------------+-----+--------+------+-----+----+------+-----+---------+---------------------------+
| g0    | n/a   | BUFG/O          | None       |           0 |             936 | 936 |      1 |    0 |   0 |  0 |    0 |   0 |       0 | clk_wiz_0_1/inst/clk_out1 |
| g1    | n/a   | BUFG/O          | None       |           0 |               4 |   4 |      0 |    0 |   0 |  0 |    0 |   0 |       0 | n_0_3012_BUFG             |
+-------+-------+-----------------+------------+-------------+-----------------+-----+--------+------+-----+----+------+-----+---------+---------------------------+
* Note: Multiple constraint types applied to the driver. Please check for potential conflicts.


13. Cell Type Counts per Global Clock: Region X0Y3
--------------------------------------------------

+-------+-------+-----------------+------------+-------------+-----------------+------+--------+------+-----+----+------+-----+---------+---------------------------+
| GlbID | Track | Driver Type/Pin | Constraint | Clock Loads | Non-Clock Loads | FF   | LUTRAM | RAMB | DSP | GT | MMCM | PLL | Hard IP | Net                       |
+-------+-------+-----------------+------------+-------------+-----------------+------+--------+------+-----+----+------+-----+---------+---------------------------+
| g0    | n/a   | BUFG/O          | None       |           0 |            1470 | 1470 |      1 |    0 |   0 |  0 |    0 |   0 |       0 | clk_wiz_0_1/inst/clk_out1 |
+-------+-------+-----------------+------------+-------------+-----------------+------+--------+------+-----+----+------+-----+---------+---------------------------+
* Note: Multiple constraint types applied to the driver. Please check for potential conflicts.


14. Cell Type Counts per Global Clock: Region X1Y3
--------------------------------------------------

+-------+-------+-----------------+------------+-------------+-----------------+-----+--------+------+-----+----+------+-----+---------+---------------------------+
| GlbID | Track | Driver Type/Pin | Constraint | Clock Loads | Non-Clock Loads | FF  | LUTRAM | RAMB | DSP | GT | MMCM | PLL | Hard IP | Net                       |
+-------+-------+-----------------+------------+-------------+-----------------+-----+--------+------+-----+----+------+-----+---------+---------------------------+
| g0    | n/a   | BUFG/O          | None       |           0 |             619 | 619 |      1 |    0 |   0 |  0 |    0 |   0 |       0 | clk_wiz_0_1/inst/clk_out1 |
+-------+-------+-----------------+------------+-------------+-----------------+-----+--------+------+-----+----+------+-----+---------+---------------------------+
* Note: Multiple constraint types applied to the driver. Please check for potential conflicts.


15. Load Cell Placement Summary for Global Clock g0
---------------------------------------------------

+-------+-----------------+-------------------+--------------------+-------------+----------------+----------+-------------+----------+-------------+----+---------------------------+
| GlbID | Driver Type/Pin | Driver Region (D) | Clock              | Period (ns) | Waveform (ns)  | Root (R) | Slice Loads | IO Loads | Clock Loads | GT | Net                       |
+-------+-----------------+-------------------+--------------------+-------------+----------------+----------+-------------+----------+-------------+----+---------------------------+
| g0    | BUFG/O          | n/a               | clk_out1_clk_wiz_0 |     100.000 | {0.000 50.000} |          |        7407 |        0 |           0 |  0 | clk_wiz_0_1/inst/clk_out1 |
+-------+-----------------+-------------------+--------------------+-------------+----------------+----------+-------------+----------+-------------+----+---------------------------+


+----+-------+------+
|    | X0    | X1   |
+----+-------+------+
| Y3 |  1470 |  619 |
| Y2 |   899 |  936 |
| Y1 |   871 |  769 |
| Y0 |  1772 |   71 |
+----+-------+------+


16. Load Cell Placement Summary for Global Clock g1
---------------------------------------------------

+-------+-----------------+-------------------+-------+-------------+---------------+----------+-------------+----------+-------------+----+---------------+
| GlbID | Driver Type/Pin | Driver Region (D) | Clock | Period (ns) | Waveform (ns) | Root (R) | Slice Loads | IO Loads | Clock Loads | GT | Net           |
+-------+-----------------+-------------------+-------+-------------+---------------+----------+-------------+----------+-------------+----+---------------+
| g1    | BUFG/O          | n/a               |       |             |               |          |          78 |        0 |           0 |  0 | n_0_3012_BUFG |
+-------+-----------------+-------------------+-------+-------------+---------------+----------+-------------+----------+-------------+----+---------------+


+----+-----+-----+
|    | X0  | X1  |
+----+-----+-----+
| Y3 |   0 |   0 |
| Y2 |   9 |   4 |
| Y1 |   1 |  34 |
| Y0 |  10 |  20 |
+----+-----+-----+


17. Load Cell Placement Summary for Global Clock g2
---------------------------------------------------

+-------+-----------------+-------------------+-------+-------------+---------------+----------+-------------+----------+-------------+----+---------------+
| GlbID | Driver Type/Pin | Driver Region (D) | Clock | Period (ns) | Waveform (ns) | Root (R) | Slice Loads | IO Loads | Clock Loads | GT | Net           |
+-------+-----------------+-------------------+-------+-------------+---------------+----------+-------------+----------+-------------+----+---------------+
| g2    | BUFG/O          | n/a               |       |             |               |          |          42 |        0 |           0 |  0 | n_1_3011_BUFG |
+-------+-----------------+-------------------+-------+-------------+---------------+----------+-------------+----------+-------------+----+---------------+


+----+-----+-----+
|    | X0  | X1  |
+----+-----+-----+
| Y3 |   0 |   0 |
| Y2 |   0 |   0 |
| Y1 |   0 |   0 |
| Y0 |  13 |  29 |
+----+-----+-----+


18. Load Cell Placement Summary for Global Clock g3
---------------------------------------------------

+-------+-----------------+-------------------+-------+-------------+---------------+----------+-------------+----------+-------------+----+------------------+
| GlbID | Driver Type/Pin | Driver Region (D) | Clock | Period (ns) | Waveform (ns) | Root (R) | Slice Loads | IO Loads | Clock Loads | GT | Net              |
+-------+-----------------+-------------------+-------+-------------+---------------+----------+-------------+----------+-------------+----+------------------+
| g3    | BUFG/O          | n/a               |       |             |               |          |          54 |        0 |           1 |  0 | clk_in_IBUF_BUFG |
+-------+-----------------+-------------------+-------+-------------+---------------+----------+-------------+----------+-------------+----+------------------+


+----+-----+----+
|    | X0  | X1 |
+----+-----+----+
| Y3 |   0 |  0 |
| Y2 |   0 |  0 |
| Y1 |   0 |  0 |
| Y0 |  55 |  0 |
+----+-----+----+


19. Load Cell Placement Summary for Global Clock g4
---------------------------------------------------

+-------+-----------------+-------------------+-------+-------------+---------------+----------+-------------+----------+-------------+----+----------------+
| GlbID | Driver Type/Pin | Driver Region (D) | Clock | Period (ns) | Waveform (ns) | Root (R) | Slice Loads | IO Loads | Clock Loads | GT | Net            |
+-------+-----------------+-------------------+-------+-------------+---------------+----------+-------------+----------+-------------+----+----------------+
| g4    | BUFG/O          | n/a               |       |             |               |          |          47 |        0 |           0 |  0 | n_2_54324_BUFG |
+-------+-----------------+-------------------+-------+-------------+---------------+----------+-------------+----------+-------------+----+----------------+


+----+-----+----+
|    | X0  | X1 |
+----+-----+----+
| Y3 |   0 |  0 |
| Y2 |   9 |  0 |
| Y1 |   1 |  0 |
| Y0 |  37 |  0 |
+----+-----+----+


20. Load Cell Placement Summary for Global Clock g5
---------------------------------------------------

+-------+-----------------+-------------------+-------+-------------+---------------+----------+-------------+----------+-------------+----+----------------+
| GlbID | Driver Type/Pin | Driver Region (D) | Clock | Period (ns) | Waveform (ns) | Root (R) | Slice Loads | IO Loads | Clock Loads | GT | Net            |
+-------+-----------------+-------------------+-------+-------------+---------------+----------+-------------+----------+-------------+----+----------------+
| g5    | BUFG/O          | n/a               |       |             |               |          |          24 |        0 |           0 |  0 | n_3_54133_BUFG |
+-------+-----------------+-------------------+-------+-------------+---------------+----------+-------------+----------+-------------+----+----------------+


+----+-----+----+
|    | X0  | X1 |
+----+-----+----+
| Y3 |   0 |  0 |
| Y2 |   0 |  0 |
| Y1 |   0 |  0 |
| Y0 |  24 |  0 |
+----+-----+----+


21. Load Cell Placement Summary for Global Clock g6
---------------------------------------------------

+-------+-----------------+-------------------+--------------------+-------------+----------------+----------+-------------+----------+-------------+----+-----------------------------------------+
| GlbID | Driver Type/Pin | Driver Region (D) | Clock              | Period (ns) | Waveform (ns)  | Root (R) | Slice Loads | IO Loads | Clock Loads | GT | Net                                     |
+-------+-----------------+-------------------+--------------------+-------------+----------------+----------+-------------+----------+-------------+----+-----------------------------------------+
| g6    | BUFG/O          | n/a               | clkfbout_clk_wiz_0 |      20.000 | {0.000 10.000} |          |           0 |        0 |           1 |  0 | clk_wiz_0_1/inst/clkfbout_buf_clk_wiz_0 |
+-------+-----------------+-------------------+--------------------+-------------+----------------+----------+-------------+----------+-------------+----+-----------------------------------------+


+----+----+----+
|    | X0 | X1 |
+----+----+----+
| Y3 |  0 |  0 |
| Y2 |  0 |  0 |
| Y1 |  0 |  0 |
| Y0 |  1 |  0 |
+----+----+----+



# Location of BUFG Primitives 
set_property LOC BUFGCTRL_X0Y4 [get_cells n_3_54133_BUFG_inst]
set_property LOC BUFGCTRL_X0Y3 [get_cells n_2_54324_BUFG_inst]
set_property LOC BUFGCTRL_X0Y2 [get_cells n_1_3011_BUFG_inst]
set_property LOC BUFGCTRL_X0Y1 [get_cells n_0_3012_BUFG_inst]
set_property LOC BUFGCTRL_X0Y5 [get_cells clk_wiz_0_1/inst/clkf_buf]
set_property LOC BUFGCTRL_X0Y0 [get_cells clk_wiz_0_1/inst/clkout1_buf]
set_property LOC BUFGCTRL_X0Y16 [get_cells clk_in_IBUF_BUFG_inst]

# Location of IO Primitives which is load of clock spine

# Location of clock ports
set_property LOC IOB_X1Y126 [get_ports clk_in]

# Clock net "n_3_54133_BUFG" driven by instance "n_3_54133_BUFG_inst" located at site "BUFGCTRL_X0Y4"
#startgroup
create_pblock {CLKAG_n_3_54133_BUFG}
add_cells_to_pblock [get_pblocks  {CLKAG_n_3_54133_BUFG}] [get_cells -filter { PRIMITIVE_GROUP != I/O && IS_PRIMITIVE==1 && PRIMITIVE_LEVEL !=INTERNAL } -of_object [get_pins -filter {DIRECTION==IN} -of_objects [get_nets -hierarchical -filter {PARENT=="n_3_54133_BUFG"}]]]
resize_pblock [get_pblocks {CLKAG_n_3_54133_BUFG}] -add {CLOCKREGION_X0Y0:CLOCKREGION_X0Y0}
#endgroup

# Clock net "n_2_54324_BUFG" driven by instance "n_2_54324_BUFG_inst" located at site "BUFGCTRL_X0Y3"
#startgroup
create_pblock {CLKAG_n_2_54324_BUFG}
add_cells_to_pblock [get_pblocks  {CLKAG_n_2_54324_BUFG}] [get_cells -filter { PRIMITIVE_GROUP != I/O && IS_PRIMITIVE==1 && PRIMITIVE_LEVEL !=INTERNAL } -of_object [get_pins -filter {DIRECTION==IN} -of_objects [get_nets -hierarchical -filter {PARENT=="n_2_54324_BUFG"}]]]
resize_pblock [get_pblocks {CLKAG_n_2_54324_BUFG}] -add {CLOCKREGION_X0Y0:CLOCKREGION_X0Y0 CLOCKREGION_X0Y1:CLOCKREGION_X0Y1 CLOCKREGION_X0Y2:CLOCKREGION_X0Y2}
#endgroup

# Clock net "n_1_3011_BUFG" driven by instance "n_1_3011_BUFG_inst" located at site "BUFGCTRL_X0Y2"
#startgroup
create_pblock {CLKAG_n_1_3011_BUFG}
add_cells_to_pblock [get_pblocks  {CLKAG_n_1_3011_BUFG}] [get_cells -filter { PRIMITIVE_GROUP != I/O && IS_PRIMITIVE==1 && PRIMITIVE_LEVEL !=INTERNAL } -of_object [get_pins -filter {DIRECTION==IN} -of_objects [get_nets -hierarchical -filter {PARENT=="n_1_3011_BUFG"}]]]
resize_pblock [get_pblocks {CLKAG_n_1_3011_BUFG}] -add {CLOCKREGION_X0Y0:CLOCKREGION_X0Y0 CLOCKREGION_X1Y0:CLOCKREGION_X1Y0}
#endgroup

# Clock net "n_0_3012_BUFG" driven by instance "n_0_3012_BUFG_inst" located at site "BUFGCTRL_X0Y1"
#startgroup
create_pblock {CLKAG_n_0_3012_BUFG}
add_cells_to_pblock [get_pblocks  {CLKAG_n_0_3012_BUFG}] [get_cells -filter { PRIMITIVE_GROUP != I/O && IS_PRIMITIVE==1 && PRIMITIVE_LEVEL !=INTERNAL } -of_object [get_pins -filter {DIRECTION==IN} -of_objects [get_nets -hierarchical -filter {PARENT=="n_0_3012_BUFG"}]]]
resize_pblock [get_pblocks {CLKAG_n_0_3012_BUFG}] -add {CLOCKREGION_X0Y0:CLOCKREGION_X0Y0 CLOCKREGION_X0Y1:CLOCKREGION_X0Y1 CLOCKREGION_X0Y2:CLOCKREGION_X0Y2 CLOCKREGION_X1Y0:CLOCKREGION_X1Y0 CLOCKREGION_X1Y1:CLOCKREGION_X1Y1 CLOCKREGION_X1Y2:CLOCKREGION_X1Y2}
#endgroup

# Clock net "clk_wiz_0_1/inst/clk_out1" driven by instance "clk_wiz_0_1/inst/clkout1_buf" located at site "BUFGCTRL_X0Y0"
#startgroup
create_pblock {CLKAG_clk_wiz_0_1/inst/clk_out1}
add_cells_to_pblock [get_pblocks  {CLKAG_clk_wiz_0_1/inst/clk_out1}] [get_cells -filter { PRIMITIVE_GROUP != I/O && IS_PRIMITIVE==1 && PRIMITIVE_LEVEL !=INTERNAL } -of_object [get_pins -filter {DIRECTION==IN} -of_objects [get_nets -hierarchical -filter {PARENT=="clk_wiz_0_1/inst/clk_out1"}]]]
resize_pblock [get_pblocks {CLKAG_clk_wiz_0_1/inst/clk_out1}] -add {CLOCKREGION_X0Y0:CLOCKREGION_X0Y0 CLOCKREGION_X0Y1:CLOCKREGION_X0Y1 CLOCKREGION_X0Y2:CLOCKREGION_X0Y2 CLOCKREGION_X0Y3:CLOCKREGION_X0Y3 CLOCKREGION_X1Y0:CLOCKREGION_X1Y0 CLOCKREGION_X1Y1:CLOCKREGION_X1Y1 CLOCKREGION_X1Y2:CLOCKREGION_X1Y2 CLOCKREGION_X1Y3:CLOCKREGION_X1Y3}
#endgroup

# Clock net "clk_in_IBUF_BUFG" driven by instance "clk_in_IBUF_BUFG_inst" located at site "BUFGCTRL_X0Y16"
#startgroup
create_pblock {CLKAG_clk_in_IBUF_BUFG}
add_cells_to_pblock [get_pblocks  {CLKAG_clk_in_IBUF_BUFG}] [get_cells -filter { PRIMITIVE_GROUP != I/O && IS_PRIMITIVE==1 && PRIMITIVE_LEVEL !=INTERNAL && NAME!=clk_wiz_0_1/inst/mmcm_adv_inst} -of_object [get_pins -filter {DIRECTION==IN} -of_objects [get_nets -hierarchical -filter {PARENT=="clk_in_IBUF_BUFG"}]]]
resize_pblock [get_pblocks {CLKAG_clk_in_IBUF_BUFG}] -add {CLOCKREGION_X0Y0:CLOCKREGION_X0Y0}
#endgroup
